// Jest Snapshot v1, https://goo.gl/fbAQLP

exports[`pages/CredentialCatalogue Should render 1`] = `
<styled.div>
  <styled.h1>
    Verifiable Credentials Catalogue
  </styled.h1>
  <SchemaDefinitionsCard />
  <CredentialDefinitionsCard />
</styled.div>
`;
