// Jest Snapshot v1, https://goo.gl/fbAQLP

exports[`ConsoleCard should render correctly 1`] = `
.c0 {
  border-radius: 8px;
  box-shadow: 0 2px 12px 0 rgba(0,0,0,0.12);
}

<Card
  className="c0"
/>
`;
