// Jest Snapshot v1, https://goo.gl/fbAQLP

exports[`Image should render correctly 1`] = `
<img
  alt="home icon"
  src="/images/default.png"
  srcSet="/images/home.svg"
/>
`;
