// Jest Snapshot v1, https://goo.gl/fbAQLP

exports[`CredentialDefinitionsCard should expand a credential definition row 1`] = `
<BodyRow
  cellComponent="td"
  childrenColumnName="children"
  expandedKeys={Set {}}
  getRowKey={[Function]}
  index={0}
  key="TEST_CREDENTIAL_ID_0"
  record={
    Object {
      "id": "TEST_CREDENTIAL_ID_0",
      "schemaId": "TEST_SCHEMA_ID_0",
      "tag": "TEST_CREDENTIAL_TAG_0",
      "type": Object {},
      "value": Object {},
      "ver": "TEST_LEDGER_NODE_VERSION",
    }
  }
  recordKey="TEST_CREDENTIAL_ID_0"
  rowComponent="tr"
  rowKey="TEST_CREDENTIAL_ID_0"
>
  <tr
    className="ant-table-row ant-table-row-level-0"
    data-row-key="TEST_CREDENTIAL_ID_0"
    onClick={[Function]}
    style={Object {}}
  >
    <Cell
      className="ant-table-row-expand-icon-cell"
      component="td"
      firstFixLeft={false}
      firstFixRight={false}
      index={0}
      key="RC_TABLE_KEY"
      lastFixLeft={false}
      lastFixRight={false}
      prefixCls="ant-table"
      record={
        Object {
          "id": "TEST_CREDENTIAL_ID_0",
          "schemaId": "TEST_SCHEMA_ID_0",
          "tag": "TEST_CREDENTIAL_TAG_0",
          "type": Object {},
          "value": Object {},
          "ver": "TEST_LEDGER_NODE_VERSION",
        }
      }
      render={[Function]}
    >
      <td
        className="ant-table-cell ant-table-row-expand-icon-cell"
        colSpan={null}
        rowSpan={null}
        style={Object {}}
      >
        <ForwardRef(PlusSquareOutlined)
          onClick={[Function]}
        >
          <AntdIcon
            icon={
              Object {
                "icon": Object {
                  "attrs": Object {
                    "focusable": "false",
                    "viewBox": "64 64 896 896",
                  },
                  "children": Array [
                    Object {
                      "attrs": Object {
                        "d": "M328 544h152v152c0 4.4 3.6 8 8 8h48c4.4 0 8-3.6 8-8V544h152c4.4 0 8-3.6 8-8v-48c0-4.4-3.6-8-8-8H544V328c0-4.4-3.6-8-8-8h-48c-4.4 0-8 3.6-8 8v152H328c-4.4 0-8 3.6-8 8v48c0 4.4 3.6 8 8 8z",
                      },
                      "tag": "path",
                    },
                    Object {
                      "attrs": Object {
                        "d": "M880 112H144c-17.7 0-32 14.3-32 32v736c0 17.7 14.3 32 32 32h736c17.7 0 32-14.3 32-32V144c0-17.7-14.3-32-32-32zm-40 728H184V184h656v656z",
                      },
                      "tag": "path",
                    },
                  ],
                  "tag": "svg",
                },
                "name": "plus-square",
                "theme": "outlined",
              }
            }
            onClick={[Function]}
          >
            <span
              aria-label="plus-square"
              className="anticon anticon-plus-square"
              onClick={[Function]}
              role="img"
              tabIndex={-1}
            >
              <IconReact
                icon={
                  Object {
                    "icon": Object {
                      "attrs": Object {
                        "focusable": "false",
                        "viewBox": "64 64 896 896",
                      },
                      "children": Array [
                        Object {
                          "attrs": Object {
                            "d": "M328 544h152v152c0 4.4 3.6 8 8 8h48c4.4 0 8-3.6 8-8V544h152c4.4 0 8-3.6 8-8v-48c0-4.4-3.6-8-8-8H544V328c0-4.4-3.6-8-8-8h-48c-4.4 0-8 3.6-8 8v152H328c-4.4 0-8 3.6-8 8v48c0 4.4 3.6 8 8 8z",
                          },
                          "tag": "path",
                        },
                        Object {
                          "attrs": Object {
                            "d": "M880 112H144c-17.7 0-32 14.3-32 32v736c0 17.7 14.3 32 32 32h736c17.7 0 32-14.3 32-32V144c0-17.7-14.3-32-32-32zm-40 728H184V184h656v656z",
                          },
                          "tag": "path",
                        },
                      ],
                      "tag": "svg",
                    },
                    "name": "plus-square",
                    "theme": "outlined",
                  }
                }
              >
                <svg
                  aria-hidden="true"
                  data-icon="plus-square"
                  fill="currentColor"
                  focusable="false"
                  height="1em"
                  key="svg-plus-square"
                  viewBox="64 64 896 896"
                  width="1em"
                >
                  <path
                    d="M328 544h152v152c0 4.4 3.6 8 8 8h48c4.4 0 8-3.6 8-8V544h152c4.4 0 8-3.6 8-8v-48c0-4.4-3.6-8-8-8H544V328c0-4.4-3.6-8-8-8h-48c-4.4 0-8 3.6-8 8v152H328c-4.4 0-8 3.6-8 8v48c0 4.4 3.6 8 8 8z"
                    key="svg-plus-square-svg-0"
                  />
                  <path
                    d="M880 112H144c-17.7 0-32 14.3-32 32v736c0 17.7 14.3 32 32 32h736c17.7 0 32-14.3 32-32V144c0-17.7-14.3-32-32-32zm-40 728H184V184h656v656z"
                    key="svg-plus-square-svg-1"
                  />
                </svg>
              </IconReact>
            </span>
          </AntdIcon>
        </ForwardRef(PlusSquareOutlined)>
      </td>
    </Cell>
    <Cell
      component="td"
      dataIndex="tag"
      firstFixLeft={false}
      firstFixRight={false}
      index={0}
      key="tag"
      lastFixLeft={false}
      lastFixRight={false}
      prefixCls="ant-table"
      record={
        Object {
          "id": "TEST_CREDENTIAL_ID_0",
          "schemaId": "TEST_SCHEMA_ID_0",
          "tag": "TEST_CREDENTIAL_TAG_0",
          "type": Object {},
          "value": Object {},
          "ver": "TEST_LEDGER_NODE_VERSION",
        }
      }
    >
      <td
        className="ant-table-cell"
        colSpan={null}
        rowSpan={null}
        style={Object {}}
      >
        TEST_CREDENTIAL_TAG_0
      </td>
    </Cell>
    <Cell
      className=""
      component="td"
      firstFixLeft={false}
      firstFixRight={false}
      index={0}
      key="RC_TABLE_KEY_next"
      lastFixLeft={false}
      lastFixRight={false}
      prefixCls="ant-table"
      record={
        Object {
          "id": "TEST_CREDENTIAL_ID_0",
          "schemaId": "TEST_SCHEMA_ID_0",
          "tag": "TEST_CREDENTIAL_TAG_0",
          "type": Object {},
          "value": Object {},
          "ver": "TEST_LEDGER_NODE_VERSION",
        }
      }
      render={[Function]}
    >
      <td
        className="ant-table-cell"
        colSpan={null}
        rowSpan={null}
        style={Object {}}
      >
        No
      </td>
    </Cell>
    <Cell
      component="td"
      dataIndex="type"
      firstFixLeft={false}
      firstFixRight={false}
      index={0}
      key="type"
      lastFixLeft={false}
      lastFixRight={false}
      prefixCls="ant-table"
      record={
        Object {
          "id": "TEST_CREDENTIAL_ID_0",
          "schemaId": "TEST_SCHEMA_ID_0",
          "tag": "TEST_CREDENTIAL_TAG_0",
          "type": Object {},
          "value": Object {},
          "ver": "TEST_LEDGER_NODE_VERSION",
        }
      }
    >
      <td
        className="ant-table-cell"
        colSpan={null}
        rowSpan={null}
        style={Object {}}
      />
    </Cell>
    <Cell
      component="td"
      dataIndex="schemaId"
      firstFixLeft={false}
      firstFixRight={false}
      index={0}
      key="schemaId"
      lastFixLeft={false}
      lastFixRight={false}
      prefixCls="ant-table"
      record={
        Object {
          "id": "TEST_CREDENTIAL_ID_0",
          "schemaId": "TEST_SCHEMA_ID_0",
          "tag": "TEST_CREDENTIAL_TAG_0",
          "type": Object {},
          "value": Object {},
          "ver": "TEST_LEDGER_NODE_VERSION",
        }
      }
    >
      <td
        className="ant-table-cell"
        colSpan={null}
        rowSpan={null}
        style={Object {}}
      >
        TEST_SCHEMA_ID_0
      </td>
    </Cell>
  </tr>
</BodyRow>
`;
